
[1m[46m RUN [49m[22m [36mv4.0.18 [39m[90mC:/SistemaGestionEscolar[39m

 [31m❯[39m src/features/evaluation/pages/TeacherDashboard.test.tsx [2m([22m[2m2 tests[22m[2m | [22m[31m2 failed[39m[2m)[22m[33m 2051[2mms[22m[39m
[31m     [31m×[31m hides Agenda CTE button for Independent Teachers[39m[33m 1034[2mms[22m[39m
[31m     [31m×[31m shows Agenda CTE button for School Teachers[39m[33m 1016[2mms[22m[39m
node.exe : 
En línea: 1 Carácter: 1
+ & "C:\Program 
Files\nodejs/node.exe" 
"C:\Program 
Files\nodejs/node_mo ...
+ ~~~~~~~~~~~~~~~~~~~~~~~
~~~~~~~~~~~~~~~~~~~~~~~~~
~~~~~~~~~~~~~~~~~~~~~
    + CategoryInfo       
       : NotSpecified:   
  (:String) [], Remote   
 Exception
    + FullyQualifiedErro 
   rId : NativeCommandE  
  rror
 
[31m⎯⎯⎯⎯⎯⎯⎯[39m[1m[41
m Failed Tests 2 [49m[2
2m[31m⎯⎯⎯⎯⎯⎯⎯[39m

[41m[1m FAIL 
[22m[49m src/features/e
valuation/pages/TeacherDa
shboard.test.tsx[2m > [
22mTeacherDashboard[2m 
> [22mhides Agenda CTE 
button for Independent 
Teachers
[31m[1mTestingLibraryEl
ementError[22m[39m: 
Unable to find an 
element with the text: 
/Asistencia/i. This 
could be because the 
text is broken up by 
multiple elements. In 
this case, you can 
provide a function for 
your text matcher to 
make your matcher more 
flexible.

Ignored nodes: comments, 
script, style
[36m<body>[39m
  [36m<div>[39m
    [36m<div[39m
      [33mclass[39m=[3
2m"max-w-7xl mx-auto 
space-y-4 sm:space-y-8 
animate-in fade-in 
duration-1000 pb-20 px-3 
sm:px-6"[39m
    [36m>[39m
      [36m<header[39m
        [33mclass[39m=
[32m"relative 
overflow-hidden 
bg-slate-900 
rounded-[2rem] 
sm:rounded-[3rem] p-6 
sm:p-12 text-white 
shadow-2xl"[39m
      [36m>[39m
        [36m<div[39m
          [33mclass[39m
=[32m"absolute top-0 
right-0 w-1/2 h-full 
bg-gradient-to-l 
from-blue-500/20 
to-transparent skew-x-12 
translate-x-1/4 
pointer-events-none"[39m
        [36m/>[39m
        [36m<div[39m
          [33mclass[39m
=[32m"relative z-10 
flex flex-col 
md:flex-row 
justify-between 
items-start 
md:items-center 
gap-8"[39m
        [36m>[39m
          [36m<div>[39m
            
[36m<div[39m
              [33mclass
[39m=[32m"flex 
items-center gap-3 
mb-4"[39m
            [36m>[39m
              
[36m<span[39m
                [33mclas
s[39m=[32m"px-3 py-1 
bg-blue-500/20 border 
border-blue-400/30 
rounded-full text-[10px] 
font-black uppercase 
tracking-widest 
text-blue-300 
backdrop-blur-md"[39m
              [36m>[39m
                
[0mEscuela Demo[0m
              
[36m</span>[39m
              
[36m<span[39m
                [33mclas
s[39m=[32m"text-[10px] 
font-bold text-slate-400 
uppercase 
tracking-widest"[39m
              [36m>[39m
                
[0mjueves, 19 de 
febrero[0m
              
[36m</span>[39m
            
[36m</div>[39m
            [36m<h1[39m
              [33mclass
[39m=[32m"text-2xl 
sm:text-5xl font-black 
tracking-tight 
leading-tight"[39m
            [36m>[39m
              [0mBuenas 
tardes[0m
              [0m,[0m
              [36m<br 
/>[39m
              
[36m<span[39m
                [33mclas
s[39m=[32m"text-transpa
rent bg-clip-text 
bg-gradient-to-r 
from-blue-300 
to-indigo-300"[39m
              [36m>[39m
                
[0mProfesor[0m
              
[36m</span>[39m
            
[36m</h1>[39m
          
[36m</div>[39m
          [36m<div[39m
            [33mclass[3
9m=[32m"flex flex-wrap 
gap-3"[39m
          [36m>[39m
            
[36m<button[39m
              [33mclass
[39m=[32m"bg-blue-600 
text-white px-10 py-4 
rounded-2xl font-black 
text-xs uppercase 
tracking-widest 
hover:bg-blue-700 
transition-all flex 
items-center gap-3 
shadow-xl group 
btn-tactile"[39m
            [36m>[39m
              
[36m<svg[39m
                [33maria
-hidden[39m=[32m"true"
[39m
                [33mclas
s[39m=[32m"lucide 
lucide-book-open w-4 h-4 
group-hover:scale-110 tra
nsition-transform"[39m
                [33mfill
[39m=[32m"none"[39m
                [33mheig
ht[39m=[32m"24"[39m
                [33mstro
ke[39m=[32m"currentColo
r"[39m
                [33mstro
ke-linecap[39m=[32m"rou
nd"[39m
                [33mstro
ke-linejoin[39m=[32m"ro
und"[39m
                [33mstro
ke-width[39m=[32m"2"[3
9m
                [33mview
Box[39m=[32m"0 0 24 
24"[39m
                [33mwidt
h[39m=[32m"24"[39m
                [33mxmln
s[39m=[32m"http://www.w
3.org/2000/svg"[39m
              [36m>[39m
                
[36m<path[39m
                  
[33md[39m=[32m"M12 
7v14"[39m
                
[36m/>[39m
                
[36m<path[39m
                  
[33md[39m=[32m"M3 
18a1 1 0 0 1-1-1V4a1 1 0 
0 1 1-1h5a4 4 0 0 1 4 4 
4 4 0 0 1 4-4h5a1 1 0 0 
1 1 1v13a1 1 0 0 1-1 
1h-6a3 3 0 0 0-3 3 3 3 0 
0 0-3-3z"[39m
                
[36m/>[39m
              
[36m</svg>[39m
              
[0mLibreta[0m
            
[36m</button>[39m
            
[36m<button[39m
              [33mclass
[39m=[32m"bg-white 
text-slate-900 px-4 py-4 
rounded-2xl font-black 
text-xs uppercase 
tracking-widest 
hover:bg-slate-50 
transition-all flex 
items-center gap-3 
shadow-xl group border 
border-slate-100 
btn-tactile"[39m
            [36m>[39m
              
[36m<svg[39m
                [33maria
-hidden[39m=[32m"true"
[39m
                [33mclas
s[39m=[32m"lucide 
lucide-printer w-4 h-4 
text-blue-600 
group-hover:rotate-12 tra
nsition-transform"[39m
                [33mfill
[39m=[32m"none"[39m
                [33mheig
ht[39m=[32m"24"[39m
                [33mstro
ke[39m=[32m"currentColo
r"[39m
                [33mstro
ke-linecap[39m=[32m"rou
nd"[39m
                [33mstro
ke-linejoin[39m=[32m"ro
und"[39m
                [33mstro
ke-width[39m=[32m"2"[3
9m
                [33mview
Box[39m=[32m"0 0 24 
24"[39m
                [33mwidt
h[39m=[32m"24"[39m
                [33mxmln
s[39m=[32m"http://www.w
3.org/2000/svg"[39m
              [36m>[39m
                
[36m<path[39m
                  
[33md[39m=[32m"M6 
18H4a2 2 0 0 1-2-2v-5a2 
2 0 0 1 2-2h16a2 2 0 0 1 
2 2v5a2 2 0 0 1-2 
2h-2"[39m
                
[36m/>[39m
                
[36m<path[39m
                  
[33md[39m=[32m"M6 
9V3a1 1 0 0 1 1-1h10a1 1 
0 0 1 1 1v6"[39m
                
[36m/>[39m
                
[36m<rect[39m
                  [33mhe
ight[39m=[32m"8"[39m
                  [33mrx
[39m=[32m"1"[39m
                  [33mwi
dth[39m=[32m"12"[39m
                  
[33mx[39m=[32m"6"[39m
                  [33my
[39m=[32m"14"[39m
                
[36m/>[39m
              
[36m</svg>[39m
              
[0mInforme Alumno[0m
            
[36m</button>[39m
          
[36m</div>[39m
        [36m</div>[39m
      [36m</header>[39m
      [36m<div[39m
        [33mdata-testid
[39m=[32m"CTEAgendaModal
"[39m
      [36m/>[39m
      [36m<div[39m
        [33mclass[39m=
[32m"grid grid-cols-1 
lg:grid-cols-3 
gap-8"[39m
      [36m>[39m
        [36m<div[39m
          [33mclass[39m
=[32m"lg:col-span-2 
space-y-6"[39m
        [36m>[39m
          [36m<div[39m
            [33mclass[3
9m=[32m"squishy-card 
p-8 sm:p-12 text-center 
border-2 border-dashed 
border-slate-200 h-full 
flex flex-col 
items-center 
justify-center"[39m
          [36m>[39m
            
[36m<div[39m
              [33mclass
[39m=[32m"p-6 
bg-slate-50 rounded-full 
mb-6"[39m
            [36m>[39m
              
[36m<svg[39m
                [33maria
-hidden[39m=[32m"true"
[39m
                [33mclas
s[39m=[32m"lucide 
lucide-clock w-12 h-12 
text-slate-300"[39m
                [33mfill
[39m=[32m"none"[39m
                [33mheig
ht[39m=[32m"24"[39m
                [33mstro
ke[39m=[32m"currentColo
r"[39m
                [33mstro
ke-linecap[39m=[32m"rou
nd"[39m
                [33mstro
ke-linejoin[39m=[32m"ro
und"[39m
                [33mstro
ke-width[39m=[32m"2"[3
9m
                [33mview
Box[39m=[32m"0 0 24 
24"[39m
                [33mwidt
h[39m=[32m"24"[39m
                [33mxmln
s[39m=[32m"http://www.w
3.org/2000/svg"[39m
              [36m>[39m
                
[36m<path[39m
                  
[33md[39m=[32m"M12 
6v6l4 2"[39m
                
[36m/>[39m
                
[36m<circle[39m
                  [33mcx
[39m=[32m"12"[39m
                  [33mcy
[39m=[32m"12"[39m
                  [33mr
[39m=[32m"10"[39m
                
[36m/>[39m
              
[36m</svg>[39m
            
[36m</div>[39m
            [36m<h2[39m
              [33mclass
[39m=[32m"text-2xl 
font-black 
text-slate-900 mb-2 
uppercase"[39m
            [36m>[39m
              [0mSin 
clase programada[0m
            
[36m</h2>[39m
            [36m<p[39m
              [33mclass
[39m=[32m"text-slate-400
 font-bold mb-8"[39m
            [36m>[39m
              
[0mDisfruta tu tiempo o 
adelanta 
planeaciones.[0m
            
[36m</p>[39m
          
[36m</div>[39m
        [36m</div>[39m
      [36m</div>[39m
      [36m<div[39m
        [33mclass[39m=
[32m"grid grid-cols-1 
md:grid-cols-2 
gap-8"[39m
      [36m>[39m
        [36m<div[39m
          [33mclass[39m
=[32m"bg-white 
rounded-[2.5rem] border 
border-slate-100 
shadow-sm 
overflow-hidden flex 
flex-col"[39m
        [36m>[39m
          [36m<div[39m
            [33mclass[3
9m=[32m"p-6 sm:p-8 
border-b border-slate-50 
flex items-center 
justify-between"[39m
          [36m>[39m
            
[36m<div[39m
              [33mclass
[39m=[32m"flex 
items-center gap-4"[39m
            [36m>[39m
              
[36m<div[39m
                [33mclas
s[39m=[32m"p-3 
bg-purple-600 
rounded-2xl text-white 
shadow-lg 
shadow-purple-100"[39m
              [36m>[39m
                
[36m<svg[39m
                  [33mar
ia-hidden[39m=[32m"true
"[39m
                  [33mcl
ass[39m=[32m"lucide 
lucide-message-square 
w-5 h-5"[39m
                  [33mfi
ll[39m=[32m"none"[39m
                  [33mhe
ight[39m=[32m"24"[39m
                  [33mst
roke[39m=[32m"currentCo
lor"[39m
                  [33mst
roke-linecap[39m=[32m"r
ound"[39m
                  [33mst
roke-linejoin[39m=[32m"
round"[39m
                  [33mst
roke-width[39m=[32m"2"
[39m
                  [33mvi
ewBox[39m=[32m"0 0 24 
24"[39m
                  [33mwi
dth[39m=[32m"24"[39m
                  [33mxm
lns[39m=[32m"http://www
.w3.org/2000/svg"[39m
                
[36m>[39m
                  
[36m<path[39m
                    
[33md[39m=[32m"M22 
17a2 2 0 0 1-2 2H6.828a2 
2 0 0 0-1.414.586l-2.202 
2.202A.71.71 0 0 1 2 
21.286V5a2 2 0 0 1 
2-2h16a2 2 0 0 1 2 
2z"[39m
                  
[36m/>[39m
                
[36m</svg>[39m
              
[36m</div>[39m
              
[36m<div>[39m
                
[36m<h3[39m
                  [33mcl
ass[39m=[32m"text-xl 
font-black 
text-slate-800 
tracking-tight"[39m
                
[36m>[39m
                  
[0mTutores[0m
                
[36m</h3>[39m
                
[36m<p[39m
                  [33mcl
ass[39m=[32m"text-[10px
] font-black 
text-slate-400 uppercase 
tracking-widest"[39m
                
[36m>[39m
                  
[0mChat directo 
activo[0m
                
[36m</p>[39m
              
[36m</div>[39m
            
[36m</div>[39m
            [36m<a[39m
              [33mclass
[39m=[32m"text-[10px] 
font-black 
text-purple-600 
uppercase 
tracking-widest 
hover:underline p-3 h-12 
hover:bg-purple-50 
rounded-xl 
transition-all flex 
items-center"[39m
              [33mdata-d
iscover[39m=[32m"true"
[39m
              [33mhref[
39m=[32m"/messages"[39m
            [36m>[39m
              
[0mMensajes[0m
            
[36m</a>[39m
          
[36m</div>[39m
          [36m<div[39m
            [33mclass[3
9m=[32m"p-6 
space-y-4"[39m
          [36m>[39m
            
[36m<div[39m
              [33mclass
[39m=[32m"text-center 
py-10 opacity-30"[39m
            [36m>[39m
              
[36m<svg[39m
                [33maria
-hidden[39m=[32m"true"
[39m
                [33mclas
s[39m=[32m"lucide 
lucide-message-square 
w-10 h-10 mx-auto mb-2 
text-slate-300"[39m
                [33mfill
[39m=[32m"none"[39m
                [33mheig
ht[39m=[32m"24"[39m
                [33mstro
ke[39m=[32m"currentColo
r"[39m
                [33mstro
ke-linecap[39m=[32m"rou
nd"[39m
                [33mstro
ke-linejoin[39m=[32m"ro
und"[39m
                [33mstro
ke-width[39m=[32m"2"[3
9m
                [33mview
Box[39m=[32m"0 0 24 
24"[39m
                [33mwidt
h[39m=[32m"24"[39m
                [33mxmln
s[39m=[32m"http://www.w
3.org/2000/svg"[39m
              [36m>[39m
                
[36m<path[39m
                  
[33md[39m=[32m"M22 
17a2 2 0 0 1-2 2H6.828a2 
2 0 0 0-1.414.586l-2.202 
2.202A.71.71 0 0 1 2 
21.286V5a2 2 0 0 1 
2-2h16a2 2 0 0 1 2 
2z"[39m
                
[36m/>[39m
              
[36m</svg>[39m
              
[36m<p[39m
                [33mclas
s[39m=[32m"font-black 
text-[10px] uppercase 
tracking-widest 
text-slate-400"[39m
              [36m>[39m
                [0mSin 
chats recientes[0m
              
[36m</p>[39m
            
[36m</div>[39m
          
[36m</div>[39m
        [36m</div>[39m
        [36m<div[39m
          [33mclass[39m
=[32m"bg-white 
rounded-[2.5rem] border 
border-slate-100 
shadow-sm 
overflow-hidden flex 
flex-col"[39m
        [36m>[39m
          [36m<div[39m
            [33mclass[3
9m=[32m"p-6 sm:p-8 
border-b border-slate-50 
flex items-center 
gap-4"[39m
          [36m>[39m
            
[36m<div[39m
              [33mclass
[39m=[32m"p-3 
bg-amber-500 rounded-2xl 
text-white shadow-lg 
shadow-amber-100"[39m
            [36m>[39m
              
[36m<svg[39m
                [33maria
-hidden[39m=[32m"true"
[39m
                [33mclas
s[39m=[32m"lucide 
lucide-bell w-5 h-5"[39m
                [33mfill
[39m=[32m"none"[39m
                [33mheig
ht[39m=[32m"24"[39m
                [33mstro
ke[39m=[32m"currentColo
r"[39m
                [33mstro
ke-linecap[39m=[32m"rou
nd"[39m
                [33mstro
ke-linejoin[39m=[32m"ro
und"[39m
                [33mstro
ke-width[39m=[32m"2"[3
9m
                [33mview
Box[39m=[32m"0 0 24 
24"[39m
                [33mwidt
h[39m=[32m"24"[39m
                [33mxmln
s[39m=[32m"http://www.w
3.org/2000/svg"[39m
              [36m>[39m
                
[36m<path[39m
                  [33md
[39m=[32m"M10.268 21a2 
2 0 0 0 3.464 0"[39m
                
[36m/>[39m
                
[36m<path[39m
                  
[33md[39m=[32m"M3.262 
15.326A1 1 0 0 0 4 
17h16a1 1 0 0 0 
.74-1.673C19.41 13.956 
18 12.499 18 8A6 6 0 0 0 
6 8c0 4.499-1.411 
5.956-2.738 7.326"[39m
                
[36m/>[39m
              
[36m</svg>[39m
            
[36m</div>[39m
            
[36m<div>[39m
              
[36m<h3[39m
                [33mclas
s[39m=[32m"text-xl 
font-black 
text-slate-800 
tracking-tight"[39m
              [36m>[39m
                
[0mComunicados[0m
              
[36m</h3>[39m
              
[36m<p[39m
                [33mclas
s[39m=[32m"text-[10px] 
font-black 
text-slate-400 uppercase 
tracking-widest"[39m
              [36m>[39m
                
[0mBoletín 
institucional[0m
              
[36m</p>[39m
            
[36m</div>[39m
          
[36m</div>[39m
          [36m<div[39m
            [33mclass[3
9m=[32m"p-6 
space-y-4"[39m
          [36m>[39m
            
[36m<div[39m
              [33mclass
[39m=[32m"text-center 
py-10 opacity-30"[39m
            [36m>[39m
              
[36m<svg[39m
                [33maria
-hidden[39m=[32m"true"
[39m
                [33mclas
s[39m=[32m"lucide 
lucide-bell w-10 h-10 
mx-auto mb-2 
text-slate-300"[39m
                [33mfill
[39m=[32m"none"[39m
                [33mheig
ht[39m=[32m"24"[39m
                [33mstro
ke[39m=[32m"currentColo
r"[39m
                [33mstro
ke-linecap[39m=[32m"rou
nd"[39m
                [33mstro
ke-linejoin[39m=[32m"ro
und"[39m
                [33mstro
ke-width[39m=[32m"2"[3
9m
                [33mview
Box[39m=[32m"0 0 24 
24"[39m
                [33mwidt
h[39m=[32m"24"[39m
                [33mxmln
s[39m=[32m"http://www.w
3.org/2000/svg"[39m
              [36m>[39m
                
[36m<path[39m
                  [33md
[39m=[32m"M10.268 21a2 
2 0 0 0 3.464 0"[39m
                
[36m/>[39m
                
[36m<path[39m
                  
[33md[39m=[32m"M3.262 
15.326A1 1 0 0 0 4 
17h16a1 1 0 0 0 
.74-1.673C19.41 13.956 
18 12.499 18 8A6 6 0 0 0 
6 8c0 4.499-1.411 
5.956-2.738 7.326"[39m
                
[36m/>[39m
              
[36m</svg>[39m
              
[36m<p[39m
                [33mclas
s[39m=[32m"font-black 
text-[10px] uppercase 
tracking-widest 
text-slate-400"[39m
              [36m>[39m
                [0mSin 
comunicados hoy[0m
              
[36m</p>[39m
            
[36m</div>[39m
          
[36m</div>[39m
        [36m</div>[39m
      [36m</div>[39m
      [36m<div[39m
        [33mdata-testid
[39m=[32m"DayScheduleMod
al"[39m
      [36m/>[39m
      [36m<div[39m
        [33mdata-testid
[39m=[32m"StudentSelecti
onModal"[39m
      [36m/>[39m
    [36m</div>[39m
  [36m</div>[39m
[36m</body>[39m

Ignored nodes: comments, 
script, style
[36m<html>[39m
  [36m<head />[39m
  [36m<body>[39m
    [36m<div>[39m
      [36m<div[39m
        [33mclass[39m=
[32m"max-w-7xl mx-auto 
space-y-4 sm:space-y-8 
animate-in fade-in 
duration-1000 pb-20 px-3 
sm:px-6"[39m
      [36m>[39m
        [36m<header[39m
          [33mclass[39m
=[32m"relative 
overflow-hidden 
bg-slate-900 
rounded-[2rem] 
sm:rounded-[3rem] p-6 
sm:p-12 text-white 
shadow-2xl"[39m
        [36m>[39m
          [36m<div[39m
            [33mclass[3
9m=[32m"absolute top-0 
right-0 w-1/2 h-full 
bg-gradient-to-l 
from-blue-500/20 
to-transparent skew-x-12 
translate-x-1/4 
pointer-events-none"[39m
          [36m/>[39m
          [36m<div[39m
            [33mclass[3
9m=[32m"relative z-10 
flex flex-col 
md:flex-row 
justify-between 
items-start 
md:items-center 
gap-8"[39m
          [36m>[39m
            
[36m<div>[39m
              
[36m<div[39m
                [33mclas
s[39m=[32m"flex 
items-center gap-3 
mb-4"[39m
              [36m>[39m
                
[36m<span[39m
                  [33mcl
ass[39m=[32m"px-3 py-1 
bg-blue-500/20 border 
border-blue-400/30 
rounded-full text-[10px] 
font-black uppercase 
tracking-widest 
text-blue-300 
backdrop-blur-md"[39m
                
[36m>[39m
                  
[0mEscuela Demo[0m
                
[36m</span>[39m
                
[36m<span[39m
                  [33mcl
ass[39m=[32m"text-[10px
] font-bold 
text-slate-400 uppercase 
tracking-widest"[39m
                
[36m>[39m
                  
[0mjueves, 19 de 
febrero[0m
                
[36m</span>[39m
              
[36m</div>[39m
              
[36m<h1[39m
                [33mclas
s[39m=[32m"text-2xl 
sm:text-5xl font-black 
tracking-tight 
leading-tight"[39m
              [36m>[39m
                
[0mBuenas tardes[0m
                [0m,[0m
                [36m<br 
/>[39m
                
[36m<span[39m
                  [33mcl
ass[39m=[32m"text-trans
parent bg-clip-text 
bg-gradient-to-r 
from-blue-300 
to-indigo-300"[39m
                
[36m>[39m
                  
[0mProfesor[0m
                
[36m</span>[39m
              
[36m</h1>[39m
            
[36m</div>[39m
            
[36m<div[39m
              [33mclass
[39m=[32m"flex 
flex-wrap gap-3"[39m
            [36m>[39m
              
[36m<button[39m
                [33mclas
s[39m=[32m"bg-blue-600 
text-white px-10 py-4 
rounded-2xl font-black 
text-xs uppercase 
tracking-widest 
hover:bg-blue-700 
transition-all flex 
items-center gap-3 
shadow-xl group 
btn-tactile"[39m
              [36m>[39m
                
[36m<svg[39m
                  [33mar
ia-hidden[39m=[32m"true
"[39m
                  [33mcl
ass[39m=[32m"lucide 
lucide-book-open w-4 h-4 
group-hover:scale-110 tra
nsition-transform"[39m
                  [33mfi
ll[39m=[32m"none"[39m
                  [33mhe
ight[39m=[32m"24"[39m
                  [33mst
roke[39m=[32m"currentCo
lor"[39m
                  [33mst
roke-linecap[39m=[32m"r
ound"[39m
                  [33mst
roke-linejoin[39m=[32m"
round"[39m
                  [33mst
roke-width[39m=[32m"2"
[39m
                  [33mvi
ewBox[39m=[32m"0 0 24 
24"[39m
                  [33mwi
dth[39m=[32m"24"[39m
                  [33mxm
lns[39m=[32m"http://www
.w3.org/2000/svg"[39m
                
[36m>[39m
                  
[36m<path[39m
                    
[33md[39m=[32m"M12 
7v14"[39m
                  
[36m/>[39m
                  
[36m<path[39m
                    
[33md[39m=[32m"M3 
18a1 1 0 0 1-1-1V4a1 1 0 
0 1 1-1h5a4 4 0 0 1 4 4 
4 4 0 0 1 4-4h5a1 1 0 0 
1 1 1v13a1 1 0 0 1-1 
1h-6a3 3 0 0 0-3 3 3 3 0 
0 0-3-3z"[39m
                  
[36m/>[39m
                
[36m</svg>[39m
                
[0mLibreta[0m
              
[36m</button>[39m
              
[36m<button[39m
                [33mclas
s[39m=[32m"bg-white 
text-slate-900 px-4 py-4 
rounded-2xl font-black 
text-xs uppercase 
tracking-widest 
hover:bg-slate-50 
transition-all flex 
items-center gap-3 
shadow-xl group border 
border-slate-100 
btn-tactile"[39m
              [36m>[39m
                
[36m<svg[39m
                  [33mar
ia-hidden[39m=[32m"true
"[39m
                  [33mcl
ass[39m=[32m"lucide 
lucide-printer w-4 h-4 
text-blue-600 
group-hover:rotate-12 tra
nsition-transform"[39m
                  [33mfi
ll[39m=[32m"none"[39m
                  [33mhe
ight[39m=[32m"24"[39m
                  [33mst
roke[39m=[32m"currentCo
lor"[39m
                  [33mst
roke-linecap[39m=[32m"r
ound"[39m
                  [33mst
roke-linejoin[39m=[32m"
round"[39m
                  [33mst
roke-width[39m=[32m"2"
[39m
                  [33mvi
ewBox[39m=[32m"0 0 24 
24"[39m
                  [33mwi
dth[39m=[32m"24"[39m
                  [33mxm
lns[39m=[32m"http://www
.w3.org/2000/svg"[39m
                
[36m>[39m
                  
[36m<path[39m
                    
[33md[39m=[32m"M6 
18H4a2 2 0 0 1-2-2v-5a2 
2 0 0 1 2-2h16a2 2 0 0 1 
2 2v5a2 2 0 0 1-2 
2h-2"[39m
                  
[36m/>[39m
                  
[36m<path[39m
                    
[33md[39m=[32m"M6 
9V3a1 1 0 0 1 1-1h10a1 1 
0 0 1 1 1v6"[39m
                  
[36m/>[39m
                  
[36m<rect[39m
                    [33m
height[39m=[32m"8"[39m
                    [33m
rx[39m=[32m"1"[39m
                    [33m
width[39m=[32m"12"[39m
                    
[33mx[39m=[32m"6"[39m
                    [33m
y[39m=[32m"14"[39m
                  
[36m/>[39m
                
[36m</svg>[39m
                
[0mInforme Alumno[0m
              
[36m</button>[39m
            
[36m</div>[39m
          
[36m</div>[39m
        
[36m</header>[39m
        [36m<div[39m
          [33mdata-testi
d[39m=[32m"CTEAgendaMod
al"[39m
        [36m/>[39m
        [36m<div[39m
          [33mclass[39m
=[32m"grid grid-cols-1 
lg:grid-cols-3 
gap-8"[39m
        [36m>[39m
          [36m<div[39m
            [33mclass[3
9m=[32m"lg:col-span-2 
space-y-6"[39m
          [36m>[39m
            
[36m<div[39m
              [33mclass
[39m=[32m"squishy-card 
p-8 sm:p-12 text-center 
border-2 border-dashed 
border-slate-200 h-full 
flex flex-col 
items-center 
justify-center"[39m
            [36m>[39m
              
[36m<div[39m
                [33mclas
s[39m=[32m"p-6 
bg-slate-50 rounded-full 
mb-6"[39m
              [36m>[39m
                
[36m<svg[39m
                  [33mar
ia-hidden[39m=[32m"true
"[39m
                  [33mcl
ass[39m=[32m"lucide 
lucide-clock w-12 h-12 
text-slate-300"[39m
                  [33mfi
ll[39m=[32m"none"[39m
                  [33mhe
ight[39m=[32m"24"[39m
                  [33mst
roke[39m=[32m"currentCo
lor"[39m
                  [33mst
roke-linecap[39m=[32m"r
ound"[39m
                  [33mst
roke-linejoin[39m=[32m"
round"[39m
                  [33mst
roke-width[39m=[32m"2"
[39m
                  [33mvi
ewBox[39m=[32m"0 0 24 
24"[39m
                  [33mwi
dth[39m=[32m"24"[39m
                  [33mxm
lns[39m=[32m"http://www
.w3.org/2000/svg"[39m
                
[36m>[39m
                  
[36m<path[39m
                    
[33md[39m=[32m"M12 
6v6l4 2"[39m
                  
[36m/>[39m
                  
[36m<circle[39m
                    [33m
cx[39m=[32m"12"[39m
                    [33m
cy[39m=[32m"12"[39m
                    [33m
r[39m=[32m"10"[39m
                  
[36m/>[39m
                
[36m</svg>[39m
              
[36m</div>[39m
              
[36m<h2[39m
                [33mclas
s[39m=[32m"text-2xl 
font-black 
text-slate-900 mb-2 
uppercase"[39m
              [36m>[39m
                [0mSin 
clase programada[0m
              
[36m</h2>[39m
              
[36m<p[39m
                [33mclas
s[39m=[32m"text-slate-4
00 font-bold mb-8"[39m
              [36m>[39m
                
[0mDisfruta tu tiempo o 
adelanta 
planeaciones.[0m
              
[36m</p>[39m
            
[36m</div>[39m
          
[36m</div>[39m
        [36m</div>[39m
        [36m<div[39m
          [33mclass[39m
=[32m"grid grid-cols-1 
md:grid-cols-2 
gap-8"[39m
        [36m>[39m
          [36m<div[39m
            [33mclass[3
9m=[32m"bg-white 
rounded-[2.5rem] border 
border-slate-100 
shadow-sm 
overflow-hidden flex 
flex-col"[39m
          [36m>[39m
            
[36m<div[39m
              [33mclass
[39m=[32m"p-6 sm:p-8 
border-b border-slate-50 
flex items-center 
justify-between"[39m
            [36m>[39m
              
[36m<div[39m
                [33mclas
s[39m=[32m"flex 
items-center gap-4"[39m
              [36m>[39m
                
[36m<div[39m
                  [33mcl
ass[39m=[32m"p-3 
bg-purple-600 
rounded-2xl text-white 
shadow-lg 
shadow-purple-100"[39m
                
[36m>[39m
                  
[36m<svg[39m
                    [33m
aria-hidden[39m=[32m"tr
ue"[39m
                    [33m
class[39m=[32m"lucide 
lucide-message-square 
w-5 h-5"[39m
                    [33m
fill[39m=[32m"none"[39
m
                    [33m
height[39m=[32m"24"[39
m
                    [33m
stroke[39m=[32m"current
Color"[39m
                    [33m
stroke-linecap[39m=[32m
"round"[39m
                    [33m
stroke-linejoin[39m=[32
m"round"[39m
                    [33m
stroke-width[39m=[32m"2
"[39m
                    [33m
viewBox[39m=[32m"0 0 
24 24"[39m
                    [33m
width[39m=[32m"24"[39m
                    [33m
xmlns[39m=[32m"http://w
ww.w3.org/2000/svg"[39m
                  
[36m>[39m
                    
[36m<path[39m
                      
[33md[39m=[32m"M22 
17a2 2 0 0 1-2 2H6.828a2 
2 0 0 0-1.414.586l-2.202 
2.202A.71.71 0 0 1 2 
21.286V5a2 2 0 0 1 
2-2h16a2 2 0 0 1 2 
2z"[39m
                    
[36m/>[39m
                  
[36m</svg>[39m
                
[36m</div>[39m
                
[36m<div>[39m
                  
[36m<h3[39m
                    [33m
class[39m=[32m"text-xl 
font-black 
text-slate-800 
tracking-tight"[39m
                  
[36m>[39m
                    
[0mTutores[0m
                  
[36m</h3>[39m
                  
[36m<p[39m
                    [33m
class[39m=[32m"text-[10
px] font-black 
text-slate-400 uppercase 
tracking-widest"[39m
                  
[36m>[39m
                    
[0mChat directo 
activo[0m
                  
[36m</p>[39m
                
[36m</div>[39m
              
[36m</div>[39m
              
[36m<a[39m
                [33mclas
s[39m=[32m"text-[10px] 
font-black 
text-purple-600 
uppercase 
tracking-widest 
hover:underline p-3 h-12 
hover:bg-purple-50 
rounded-xl 
transition-all flex 
items-center"[39m
                [33mdata
-discover[39m=[32m"true
"[39m
                [33mhref
[39m=[32m"/messages"[3
9m
              [36m>[39m
                
[0mMensajes[0m
              
[36m</a>[39m
            
[36m</div>[39m
            
[36m<div[39m
              [33mclass
[39m=[32m"p-6 
space-y-4"[39m
            [36m>[39m
              
[36m<div[39m
                [33mclas
s[39m=[32m"text-center 
py-10 opacity-30"[39m
              [36m>[39m
                
[36m<svg[39m
                  [33mar
ia-hidden[39m=[32m"true
"[39m
                  [33mcl
ass[39m=[32m"lucide 
lucide-message-square 
w-10 h-10 mx-auto mb-2 
text-slate-300"[39m
                  [33mfi
ll[39m=[32m"none"[39m
                  [33mhe
ight[39m=[32m"24"[39m
                  [33mst
roke[39m=[32m"currentCo
lor"[39m
                  [33mst
roke-linecap[39m=[32m"r
ound"[39m
                  [33mst
roke-linejoin[39m=[32m"
round"[39m
                  [33mst
roke-width[39m=[32m"2"
[39m
                  [33mvi
ewBox[39m=[32m"0 0 24 
24"[39m
                  [33mwi
dth[39m=[32m"24"[39m
                  [33mxm
lns[39m=[32m"http://www
.w3.org/2000/svg"[39m
                
[36m>[39m
                  
[36m<path[39m
                    
[33md[39m=[32m"M22 
17a2 2 0 0 1-2 2H6.828a2 
2 0 0 0-1.414.586l-2.202 
2.202A.71.71 0 0 1 2 
21.286V5a2 2 0 0 1 
2-2h16a2 2 0 0 1 2 
2z"[39m
                  
[36m/>[39m
                
[36m</svg>[39m
                
[36m<p[39m
                  [33mcl
ass[39m=[32m"font-black
 text-[10px] uppercase 
tracking-widest 
text-slate-400"[39m
                
[36m>[39m
                  
[0mSin chats 
recientes[0m
                
[36m</p>[39m
              
[36m</div>[39m
            
[36m</div>[39m
          
[36m</div>[39m
          [36m<div[39m
            [33mclass[3
9m=[32m"bg-white 
rounded-[2.5rem] border 
border-slate-100 
shadow-sm 
overflow-hidden flex 
flex-col"[39m
          [36m>[39m
            
[36m<div[39m
              [33mclass
[39m=[32m"p-6 sm:p-8 
border-b border-slate-50 
flex items-center 
gap-4"[39m
            [36m>[39m
              
[36m<div[39m
                [33mclas
s[39m=[32m"p-3 
bg-amber-500 rounded-2xl 
text-white shadow-lg 
shadow-amber-100"[39m
              [36m>[39m
                
[36m<svg[39m
                  [33mar
ia-hidden[39m=[32m"true
"[39m
                  [33mcl
ass[39m=[32m"lucide 
lucide-bell w-5 h-5"[39m
                  [33mfi
ll[39m=[32m"none"[39m
                  [33mhe
ight[39m=[32m"24"[39m
                  [33mst
roke[39m=[32m"currentCo
lor"[39m
                  [33mst
roke-linecap[39m=[32m"r
ound"[39m
                  [33mst
roke-linejoin[39m=[32m"
round"[39m
                  [33mst
roke-width[39m=[32m"2"
[39m
                  [33mvi
ewBox[39m=[32m"0 0 24 
24"[39m
                  [33mwi
dth[39m=[32m"24"[39m
                  [33mxm
lns[39m=[32m"http://www
.w3.org/2000/svg"[39m
                
[36m>[39m
                  
[36m<path[39m
                    [33m
d[39m=[32m"M10.268 
21a2 2 0 0 0 3.464 
0"[39m
                  
[36m/>[39m
                  
[36m<path[39m
                    
[33md[39m=[32m"M3.262 
15.326A1 1 0 0 0 4 
17h16a1 1 0 0 0 
.74-1.673C19.41 13.956 
18 12.499 18 8A6 6 0 0 0 
6 8c0 4.499-1.411 
5.956-2.738 7.326"[39m
                  
[36m/>[39m
                
[36m</svg>[39m
              
[36m</div>[39m
              
[36m<div>[39m
                
[36m<h3[39m
                  [33mcl
ass[39m=[32m"text-xl 
font-black 
text-slate-800 
tracking-tight"[39m
                
[36m>[39m
                  
[0mComunicados[0m
                
[36m</h3>[39m
                
[36m<p[39m
                  [33mcl
ass[39m=[32m"text-[10px
] font-black 
text-slate-400 uppercase 
tracking-widest"[39m
                
[36m>[39m
                  
[0mBoletín 
institucional[0m
                
[36m</p>[39m
              
[36m</div>[39m
            
[36m</div>[39m
            
[36m<div[39m
              [33mclass
[39m=[32m"p-6 
space-y-4"[39m
            [36m>[39m
              
[36m<div[39m
                [33mclas
s[39m=[32m"text-center 
py-10 opacity-30"[39m
              [36m>[39m
                
[36m<svg[39m
                  [33mar
ia-hidden[39m=[32m"true
"[39m
                  [33mcl
ass[39m=[32m"lucide 
lucide-bell w-10 h-10 
mx-auto mb-2 
text-slate-300"[39m
                  [33mfi
ll[39m=[32m"none"[39m
                  [33mhe
ight[39m=[32m"24"[39m
                  [33mst
roke[39m=[32m"currentCo
lor"[39m
                  [33mst
roke-linecap[39m=[32m"r
ound"[39m
                  [33mst
roke-linejoin[39m=[32m"
round"[39m
                  [33mst
roke-width[39m=[32m"2"
[39m
                  [33mvi
ewBox[39m=[32m"0 0 24 
24"[39m
                  [33mwi
dth[39m=[32m"24"[39m
                  [33mxm
lns[39m=[32m"http://www
.w3.org/2000/svg"[39m
                
[36m>[39m
                  
[36m<path[39m
                    [33m
d[39m=[32m"M10.268 
21a2 2 0 0 0 3.464 
0"[39m
                  
[36m/>[39m
                  
[36m<path[39m
                    
[33md[39m=[32m"M3.262 
15.326A1 1 0 0 0 4 
17h16a1 1 0 0 0 
.74-1.673C19.41 13.956 
18 12.499 18 8A6 6 0 0 0 
6 8c0 4.499-1.411 
5.956-2.738 7.326"[39m
                  
[36m/>[39m
                
[36m</svg>[39m
                
[36m<p[39m
                  [33mcl
ass[39m=[32m"font-black
 text-[10px] uppercase 
tracking-widest 
text-slate-400"[39m
                
[36m>[39m
                  
[0mSin comunicados 
hoy[0m
                
[36m</p>[39m
              
[36m</div>[39m
            
[36m</div>[39m
          
[36m</div>[39m
        [36m</div>[39m
        [36m<div[39m
          [33mdata-testi
d[39m=[32m"DayScheduleM
odal"[39m
        [36m/>[39m
        [36m<div[39m
          [33mdata-testi
d[39m=[32m"StudentSelec
tionModal"[39m
        [36m/>[39m
      [36m</div>[39m
    [36m</div>[39m
  [36m</body>[39m
[36m</html>[39m
[90m [2m❯[22m 
Proxy.waitForWrapper node
_modules/@testing-library
/dom/dist/wait-for.js:[2
m163:27[22m[39m
[36m [2m❯[22m src/feat
ures/evaluation/pages/Tea
cherDashboard.test.tsx:[
2m78:15[22m[39m
    [90m 76| [39m
    [90m 77| [39m      
  // Wait for loading to 
finish (indicated by 
appearance of stat…
    [90m 78| [39m      
  [35mawait[39m 
[34mwaitFor[39m(() 
[33m=>[39m {
    [90m   | [39m      
        [31m^[39m
    [90m 79| [39m      
      [34mexpect[39m(sc
reen[33m.[39m[34mgetBy
Text[39m([36m/Asistenci
a/i[39m))[33m.[39m[34
mtoBeInTheDocument[39m()
    [90m 80| [39m      
  })

[31m[2m⎯⎯⎯⎯⎯⎯⎯⎯⎯⎯⎯⎯⎯⎯⎯⎯
⎯⎯⎯⎯⎯⎯⎯⎯[1/2]⎯[22m[39m

[41m[1m FAIL 
[22m[49m src/features/e
valuation/pages/TeacherDa
shboard.test.tsx[2m > [
22mTeacherDashboard[2m 
> [22mshows Agenda CTE 
button for School 
Teachers
[31m[1mTestingLibraryEl
ementError[22m[39m: 
Unable to find an 
element with the text: 
/Asistencia/i. This 
could be because the 
text is broken up by 
multiple elements. In 
this case, you can 
provide a function for 
your text matcher to 
make your matcher more 
flexible.

Ignored nodes: comments, 
script, style
[36m<body>[39m
  [36m<div>[39m
    [36m<div[39m
      [33mclass[39m=[3
2m"max-w-7xl mx-auto 
space-y-4 sm:space-y-8 
animate-in fade-in 
duration-1000 pb-20 px-3 
sm:px-6"[39m
    [36m>[39m
      [36m<header[39m
        [33mclass[39m=
[32m"relative 
overflow-hidden 
bg-slate-900 
rounded-[2rem] 
sm:rounded-[3rem] p-6 
sm:p-12 text-white 
shadow-2xl"[39m
      [36m>[39m
        [36m<div[39m
          [33mclass[39m
=[32m"absolute top-0 
right-0 w-1/2 h-full 
bg-gradient-to-l 
from-blue-500/20 
to-transparent skew-x-12 
translate-x-1/4 
pointer-events-none"[39m
        [36m/>[39m
        [36m<div[39m
          [33mclass[39m
=[32m"relative z-10 
flex flex-col 
md:flex-row 
justify-between 
items-start 
md:items-center 
gap-8"[39m
        [36m>[39m
          [36m<div>[39m
            
[36m<div[39m
              [33mclass
[39m=[32m"flex 
items-center gap-3 
mb-4"[39m
            [36m>[39m
              
[36m<span[39m
                [33mclas
s[39m=[32m"px-3 py-1 
bg-blue-500/20 border 
border-blue-400/30 
rounded-full text-[10px] 
font-black uppercase 
tracking-widest 
text-blue-300 
backdrop-blur-md"[39m
              [36m>[39m
                
[0mEscuela Demo[0m
              
[36m</span>[39m
              
[36m<span[39m
                [33mclas
s[39m=[32m"text-[10px] 
font-bold text-slate-400 
uppercase 
tracking-widest"[39m
              [36m>[39m
                
[0mjueves, 19 de 
febrero[0m
              
[36m</span>[39m
            
[36m</div>[39m
            [36m<h1[39m
              [33mclass
[39m=[32m"text-2xl 
sm:text-5xl font-black 
tracking-tight 
leading-tight"[39m
            [36m>[39m
              [0mBuenas 
tardes[0m
              [0m,[0m
              [36m<br 
/>[39m
              
[36m<span[39m
                [33mclas
s[39m=[32m"text-transpa
rent bg-clip-text 
bg-gradient-to-r 
from-blue-300 
to-indigo-300"[39m
              [36m>[39m
                
[0mProfesor[0m
              
[36m</span>[39m
            
[36m</h1>[39m
          
[36m</div>[39m
          [36m<div[39m
            [33mclass[3
9m=[32m"flex flex-wrap 
gap-3"[39m
          [36m>[39m
            
[36m<button[39m
              [33mclass
[39m=[32m"bg-blue-600 
text-white px-10 py-4 
rounded-2xl font-black 
text-xs uppercase 
tracking-widest 
hover:bg-blue-700 
transition-all flex 
items-center gap-3 
shadow-xl group 
btn-tactile"[39m
            [36m>[39m
              
[36m<svg[39m
                [33maria
-hidden[39m=[32m"true"
[39m
                [33mclas
s[39m=[32m"lucide 
lucide-book-open w-4 h-4 
group-hover:scale-110 tra
nsition-transform"[39m
                [33mfill
[39m=[32m"none"[39m
                [33mheig
ht[39m=[32m"24"[39m
                [33mstro
ke[39m=[32m"currentColo
r"[39m
                [33mstro
ke-linecap[39m=[32m"rou
nd"[39m
                [33mstro
ke-linejoin[39m=[32m"ro
und"[39m
                [33mstro
ke-width[39m=[32m"2"[3
9m
                [33mview
Box[39m=[32m"0 0 24 
24"[39m
                [33mwidt
h[39m=[32m"24"[39m
                [33mxmln
s[39m=[32m"http://www.w
3.org/2000/svg"[39m
              [36m>[39m
                
[36m<path[39m
                  
[33md[39m=[32m"M12 
7v14"[39m
                
[36m/>[39m
                
[36m<path[39m
                  
[33md[39m=[32m"M3 
18a1 1 0 0 1-1-1V4a1 1 0 
0 1 1-1h5a4 4 0 0 1 4 4 
4 4 0 0 1 4-4h5a1 1 0 0 
1 1 1v13a1 1 0 0 1-1 
1h-6a3 3 0 0 0-3 3 3 3 0 
0 0-3-3z"[39m
                
[36m/>[39m
              
[36m</svg>[39m
              
[0mLibreta[0m
            
[36m</button>[39m
            
[36m<button[39m
              [33mclass
[39m=[32m"bg-white 
text-slate-900 px-4 py-4 
rounded-2xl font-black 
text-xs uppercase 
tracking-widest 
hover:bg-slate-50 
transition-all flex 
items-center gap-3 
shadow-xl group border 
border-slate-100 
btn-tactile"[39m
            [36m>[39m
              
[36m<svg[39m
                [33maria
-hidden[39m=[32m"true"
[39m
                [33mclas
s[39m=[32m"lucide 
lucide-printer w-4 h-4 
text-blue-600 
group-hover:rotate-12 tra
nsition-transform"[39m
                [33mfill
[39m=[32m"none"[39m
                [33mheig
ht[39m=[32m"24"[39m
                [33mstro
ke[39m=[32m"currentColo
r"[39m
                [33mstro
ke-linecap[39m=[32m"rou
nd"[39m
                [33mstro
ke-linejoin[39m=[32m"ro
und"[39m
                [33mstro
ke-width[39m=[32m"2"[3
9m
                [33mview
Box[39m=[32m"0 0 24 
24"[39m
                [33mwidt
h[39m=[32m"24"[39m
                [33mxmln
s[39m=[32m"http://www.w
3.org/2000/svg"[39m
              [36m>[39m
                
[36m<path[39m
                  
[33md[39m=[32m"M6 
18H4a2 2 0 0 1-2-2v-5a2 
2 0 0 1 2-2h16a2 2 0 0 1 
2 2v5a2 2 0 0 1-2 
2h-2"[39m
                
[36m/>[39m
                
[36m<path[39m
                  
[33md[39m=[32m"M6 
9V3a1 1 0 0 1 1-1h10a1 1 
0 0 1 1 1v6"[39m
                
[36m/>[39m
                
[36m<rect[39m
                  [33mhe
ight[39m=[32m"8"[39m
                  [33mrx
[39m=[32m"1"[39m
                  [33mwi
dth[39m=[32m"12"[39m
                  
[33mx[39m=[32m"6"[39m
                  [33my
[39m=[32m"14"[39m
                
[36m/>[39m
              
[36m</svg>[39m
              
[0mInforme Alumno[0m
            
[36m</button>[39m
            
[36m<button[39m
              [33mclass
[39m=[32m"bg-indigo-600 
text-white px-6 py-4 
rounded-2xl font-black 
text-xs uppercase 
tracking-widest 
hover:bg-indigo-700 
transition-all flex 
items-center gap-3 
shadow-xl group 
btn-tactile"[39m
            [36m>[39m
              
[36m<svg[39m
                [33maria
-hidden[39m=[32m"true"
[39m
                [33mclas
s[39m=[32m"lucide 
lucide-clipboard-list 
w-4 h-4 
group-hover:scale-110 tra
nsition-transform"[39m
                [33mfill
[39m=[32m"none"[39m
                [33mheig
ht[39m=[32m"24"[39m
                [33mstro
ke[39m=[32m"currentColo
r"[39m
                [33mstro
ke-linecap[39m=[32m"rou
nd"[39m
                [33mstro
ke-linejoin[39m=[32m"ro
und"[39m
                [33mstro
ke-width[39m=[32m"2"[3
9m
                [33mview
Box[39m=[32m"0 0 24 
24"[39m
                [33mwidt
h[39m=[32m"24"[39m
                [33mxmln
s[39m=[32m"http://www.w
3.org/2000/svg"[39m
              [36m>[39m
                
[36m<rect[39m
                  [33mhe
ight[39m=[32m"4"[39m
                  [33mrx
[39m=[32m"1"[39m
                  [33mry
[39m=[32m"1"[39m
                  [33mwi
dth[39m=[32m"8"[39m
                  
[33mx[39m=[32m"8"[39m
                  
[33my[39m=[32m"2"[39m
                
[36m/>[39m
                
[36m<path[39m
                  
[33md[39m=[32m"M16 
4h2a2 2 0 0 1 2 2v14a2 2 
0 0 1-2 2H6a2 2 0 0 
1-2-2V6a2 2 0 0 1 
2-2h2"[39m
                
[36m/>[39m
                
[36m<path[39m
                  
[33md[39m=[32m"M12 
11h4"[39m
                
[36m/>[39m
                
[36m<path[39m
  ...

Ignored nodes: comments, 
script, style
[36m<html>[39m
  [36m<head />[39m
  [36m<body>[39m
    [36m<div>[39m
      [36m<div[39m
        [33mclass[39m=
[32m"max-w-7xl mx-auto 
space-y-4 sm:space-y-8 
animate-in fade-in 
duration-1000 pb-20 px-3 
sm:px-6"[39m
      [36m>[39m
        [36m<header[39m
          [33mclass[39m
=[32m"relative 
overflow-hidden 
bg-slate-900 
rounded-[2rem] 
sm:rounded-[3rem] p-6 
sm:p-12 text-white 
shadow-2xl"[39m
        [36m>[39m
          [36m<div[39m
            [33mclass[3
9m=[32m"absolute top-0 
right-0 w-1/2 h-full 
bg-gradient-to-l 
from-blue-500/20 
to-transparent skew-x-12 
translate-x-1/4 
pointer-events-none"[39m
          [36m/>[39m
          [36m<div[39m
            [33mclass[3
9m=[32m"relative z-10 
flex flex-col 
md:flex-row 
justify-between 
items-start 
md:items-center 
gap-8"[39m
          [36m>[39m
            
[36m<div>[39m
              
[36m<div[39m
                [33mclas
s[39m=[32m"flex 
items-center gap-3 
mb-4"[39m
              [36m>[39m
                
[36m<span[39m
                  [33mcl
ass[39m=[32m"px-3 py-1 
bg-blue-500/20 border 
border-blue-400/30 
rounded-full text-[10px] 
font-black uppercase 
tracking-widest 
text-blue-300 
backdrop-blur-md"[39m

[2m Test Files [22m [1m[31m1 failed[39m[22m[90m (1)[39m
[2m      Tests [22m [1m[31m2 failed[39m[22m[90m (2)[39m
[2m   Start at [22m 18:16:42
[2m   Duration [22m 3.47s[2m (transform 208ms, setup 133ms, import 386ms, tests 2.05s, environment 722ms)[22m

                
[36m>[39m
                  
[0mEscuela Demo[0m
                
[36m</span>[39m
                
[36m<span[39m
                  [33mcl
ass[39m=[32m"text-[10px
] font-bold 
text-slate-400 uppercase 
tracking-widest"[39m
                
[36m>[39m
                  
[0mjueves, 19 de 
febrero[0m
                
[36m</span>[39m
              
[36m</div>[39m
              
[36m<h1[39m
                [33mclas
s[39m=[32m"text-2xl 
sm:text-5xl font-black 
tracking-tight 
leading-tight"[39m
              [36m>[39m
                
[0mBuenas tardes[0m
                [0m,[0m
                [36m<br 
/>[39m
                
[36m<span[39m
                  [33mcl
ass[39m=[32m"text-trans
parent bg-clip-text 
bg-gradient-to-r 
from-blue-300 
to-indigo-300"[39m
                
[36m>[39m
                  
[0mProfesor[0m
                
[36m</span>[39m
              
[36m</h1>[39m
            
[36m</div>[39m
            
[36m<div[39m
              [33mclass
[39m=[32m"flex 
flex-wrap gap-3"[39m
            [36m>[39m
              
[36m<button[39m
                [33mclas
s[39m=[32m"bg-blue-600 
text-white px-10 py-4 
rounded-2xl font-black 
text-xs uppercase 
tracking-widest 
hover:bg-blue-700 
transition-all flex 
items-center gap-3 
shadow-xl group 
btn-tactile"[39m
              [36m>[39m
                
[36m<svg[39m
                  [33mar
ia-hidden[39m=[32m"true
"[39m
                  [33mcl
ass[39m=[32m"lucide 
lucide-book-open w-4 h-4 
group-hover:scale-110 tra
nsition-transform"[39m
                  [33mfi
ll[39m=[32m"none"[39m
                  [33mhe
ight[39m=[32m"24"[39m
                  [33mst
roke[39m=[32m"currentCo
lor"[39m
                  [33mst
roke-linecap[39m=[32m"r
ound"[39m
                  [33mst
roke-linejoin[39m=[32m"
round"[39m
                  [33mst
roke-width[39m=[32m"2"
[39m
                  [33mvi
ewBox[39m=[32m"0 0 24 
24"[39m
                  [33mwi
dth[39m=[32m"24"[39m
                  [33mxm
lns[39m=[32m"http://www
.w3.org/2000/svg"[39m
                
[36m>[39m
                  
[36m<path[39m
                    
[33md[39m=[32m"M12 
7v14"[39m
                  
[36m/>[39m
                  
[36m<path[39m
                    
[33md[39m=[32m"M3 
18a1 1 0 0 1-1-1V4a1 1 0 
0 1 1-1h5a4 4 0 0 1 4 4 
4 4 0 0 1 4-4h5a1 1 0 0 
1 1 1v13a1 1 0 0 1-1 
1h-6a3 3 0 0 0-3 3 3 3 0 
0 0-3-3z"[39m
                  
[36m/>[39m
                
[36m</svg>[39m
                
[0mLibreta[0m
              
[36m</button>[39m
              
[36m<button[39m
                [33mclas
s[39m=[32m"bg-white 
text-slate-900 px-4 py-4 
rounded-2xl font-black 
text-xs uppercase 
tracking-widest 
hover:bg-slate-50 
transition-all flex 
items-center gap-3 
shadow-xl group border 
border-slate-100 
btn-tactile"[39m
              [36m>[39m
                
[36m<svg[39m
                  [33mar
ia-hidden[39m=[32m"true
"[39m
                  [33mcl
ass[39m=[32m"lucide 
lucide-printer w-4 h-4 
text-blue-600 
group-hover:rotate-12 tra
nsition-transform"[39m
                  [33mfi
ll[39m=[32m"none"[39m
                  [33mhe
ight[39m=[32m"24"[39m
                  [33mst
roke[39m=[32m"currentCo
lor"[39m
                  [33mst
roke-linecap[39m=[32m"r
ound"[39m
                  [33mst
roke-linejoin[39m=[32m"
round"[39m
                  [33mst
roke-width[39m=[32m"2"
[39m
                  [33mvi
ewBox[39m=[32m"0 0 24 
24"[39m
                  [33mwi
dth[39m=[32m"24"[39m
                  [33mxm
lns[39m=[32m"http://www
.w3.org/2000/svg"[39m
                
[36m>[39m
                  
[36m<path[39m
                    
[33md[39m=[32m"M6 
18H4a2 2 0 0 1-2-2v-5a2 
2 0 0 1 2-2h16a2 2 0 0 1 
2 2v5a2 2 0 0 1-2 
2h-2"[39m
                  
[36m/>[39m
                  
[36m<path[39m
                    
[33md[39m=[32m"M6 
9V3a1 1 0 0 1 1-1h10a1 1 
0 0 1 1 1v6"[39m
                  
[36m/>[39m
                  
[36m<rect[39m
                    [33m
height[39m=[32m"8"[39m
                    [33m
rx[39m=[32m"1"[39m
                    [33m
width[39m=[32m"12"[39m
                    
[33mx[39m=[32m"6"[39m
                    [33m
y[39m=[32m"14"[39m
                  
[36m/>[39m
                
[36m</svg>[39m
                
[0mInforme Alumno[0m
              
[36m</button>[39m
              
[36m<button[39m
                [33mclas
s[39m=[32m"bg-indigo-60
0 text-white px-6 py-4 
rounded-2xl font-black 
text-xs uppercase 
tracking-widest 
hover:bg-indigo-700 
transition-all flex 
items-center gap-3 
shadow-xl group 
btn-tactile"[39m
              [36m>[39m
                
[36m<svg[39m
                  [33mar
ia-hidden[39m=[32m"true
"[39m
                  [33mcl
ass[39m=[32m"lucide 
lucide-clipboard-list 
w-4 h-4 
group-hover:scale-110 tra
nsition-transform"[39m
                  [33mfi
ll[39m=[32m"none"[39m
                  [33mhe
ight[39m=[32m"24"[39m
                  [33mst
roke[39m=[32m"currentCo
lor"[39m
                  [33mst
roke-linecap[39m=[32m"r
ound"[39m
                  [33mst
roke-linejoin[39m=[32m"
round"[39m
                  [33mst
roke-width[39m=[32m"2"
[39m
                  [33mvi
ewBox[39m=[32m"0 0 24 
24"[39m
                  [33mwi
dth[39m=[32m"24"[39m
                  [33mxm
lns[39m=[32m"http://www
.w3.org/2000/svg"[39m
                
[36m>[39m
                  
[36m<rect[39m
                    [33m
height[39m=[32m"4"[39m
                    [33m
rx[39m=[32m"1"[39m
                    [33m
ry[39m=[32m"1"[39m
                    [33m
width[39m=[32m"8"[39m
                    
[33mx[39m=[32m"8"[39m
                    
[33my[39m=[32m"2"[39m
                  
[36m/>[39m
                  
[36m<path[39...
[90m [2m❯[22m 
Proxy.waitForWrapper node
_modules/@testing-library
/dom/dist/wait-for.js:[2
m163:27[22m[39m
[36m [2m❯[22m src/feat
ures/evaluation/pages/Tea
cherDashboard.test.tsx:[
2m107:15[22m[39m
    [90m105| [39m
    [90m106| [39m      
  [90m// Wait for 
loading to finish[39m
    [90m107| [39m      
  [35mawait[39m 
[34mwaitFor[39m(() 
[33m=>[39m {
    [90m   | [39m      
        [31m^[39m
    [90m108| [39m      
      [34mexpect[39m(sc
reen[33m.[39m[34mgetBy
Text[39m([36m/Asistenci
a/i[39m))[33m.[39m[34
mtoBeInTheDocument[39m()
    [90m109| [39m      
  })

[31m[2m⎯⎯⎯⎯⎯⎯⎯⎯⎯⎯⎯⎯⎯⎯⎯⎯
⎯⎯⎯⎯⎯⎯⎯⎯[2/2]⎯[22m[39m

