src/features/settings/components/StaffManager.tsx(141,47): error TS17004: Cannot use JSX unless the '--jsx' flag is provided.
src/features/settings/components/StaffManager.tsx(144,9): error TS17004: Cannot use JSX unless the '--jsx' flag is provided.
src/features/settings/components/StaffManager.tsx(146,13): error TS17004: Cannot use JSX unless the '--jsx' flag is provided.
src/features/settings/components/StaffManager.tsx(147,17): error TS17004: Cannot use JSX unless the '--jsx' flag is provided.
src/features/settings/components/StaffManager.tsx(148,21): error TS17004: Cannot use JSX unless the '--jsx' flag is provided.
src/features/settings/components/StaffManager.tsx(149,21): error TS17004: Cannot use JSX unless the '--jsx' flag is provided.
src/features/settings/components/StaffManager.tsx(150,25): error TS17004: Cannot use JSX unless the '--jsx' flag is provided.
src/features/settings/components/StaffManager.tsx(153,25): error TS17004: Cannot use JSX unless the '--jsx' flag is provided.
src/features/settings/components/StaffManager.tsx(160,17): error TS17004: Cannot use JSX unless the '--jsx' flag is provided.
src/features/settings/components/StaffManager.tsx(169,13): error TS17004: Cannot use JSX unless the '--jsx' flag is provided.
src/features/settings/components/StaffManager.tsx(170,17): error TS17004: Cannot use JSX unless the '--jsx' flag is provided.
src/features/settings/components/StaffManager.tsx(171,21): error TS17004: Cannot use JSX unless the '--jsx' flag is provided.
src/features/settings/components/StaffManager.tsx(174,17): error TS17004: Cannot use JSX unless the '--jsx' flag is provided.
src/features/settings/components/StaffManager.tsx(175,21): error TS17004: Cannot use JSX unless the '--jsx' flag is provided.
src/features/settings/components/StaffManager.tsx(177,29): error TS17004: Cannot use JSX unless the '--jsx' flag is provided.
src/features/settings/components/StaffManager.tsx(178,33): error TS17004: Cannot use JSX unless the '--jsx' flag is provided.
src/features/settings/components/StaffManager.tsx(179,37): error TS17004: Cannot use JSX unless the '--jsx' flag is provided.
src/features/settings/components/StaffManager.tsx(180,37): error TS17004: Cannot use JSX unless the '--jsx' flag is provided.
src/features/settings/components/StaffManager.tsx(189,33): error TS17004: Cannot use JSX unless the '--jsx' flag is provided.
src/features/settings/components/StaffManager.tsx(190,37): error TS17004: Cannot use JSX unless the '--jsx' flag is provided.
src/features/settings/components/StaffManager.tsx(191,37): error TS17004: Cannot use JSX unless the '--jsx' flag is provided.
src/features/settings/components/StaffManager.tsx(202,25): error TS17004: Cannot use JSX unless the '--jsx' flag is provided.
src/features/settings/components/StaffManager.tsx(203,29): error TS17004: Cannot use JSX unless the '--jsx' flag is provided.
src/features/settings/components/StaffManager.tsx(204,29): error TS17004: Cannot use JSX unless the '--jsx' flag is provided.
src/features/settings/components/StaffManager.tsx(205,33): error TS17004: Cannot use JSX unless the '--jsx' flag is provided.
src/features/settings/components/StaffManager.tsx(206,33): error TS17004: Cannot use JSX unless the '--jsx' flag is provided.
src/features/settings/components/StaffManager.tsx(217,29): error TS17004: Cannot use JSX unless the '--jsx' flag is provided.
src/features/settings/components/StaffManager.tsx(218,33): error TS17004: Cannot use JSX unless the '--jsx' flag is provided.
src/features/settings/components/StaffManager.tsx(219,33): error TS17004: Cannot use JSX unless the '--jsx' flag is provided.
src/features/settings/components/StaffManager.tsx(229,25): error TS17004: Cannot use JSX unless the '--jsx' flag is provided.
src/features/settings/components/StaffManager.tsx(230,29): error TS17004: Cannot use JSX unless the '--jsx' flag is provided.
src/features/settings/components/StaffManager.tsx(231,29): error TS17004: Cannot use JSX unless the '--jsx' flag is provided.
src/features/settings/components/StaffManager.tsx(236,49): error TS17004: Cannot use JSX unless the '--jsx' flag is provided.
src/features/settings/components/StaffManager.tsx(239,25): error TS17004: Cannot use JSX unless the '--jsx' flag is provided.
src/features/settings/components/StaffManager.tsx(240,29): error TS17004: Cannot use JSX unless the '--jsx' flag is provided.
src/features/settings/components/StaffManager.tsx(252,21): error TS17004: Cannot use JSX unless the '--jsx' flag is provided.
src/features/settings/components/StaffManager.tsx(253,25): error TS17004: Cannot use JSX unless the '--jsx' flag is provided.
src/features/settings/components/StaffManager.tsx(254,25): error TS17004: Cannot use JSX unless the '--jsx' flag is provided.
src/features/settings/components/StaffManager.tsx(255,29): error TS17004: Cannot use JSX unless the '--jsx' flag is provided.
src/features/settings/components/StaffManager.tsx(260,29): error TS17004: Cannot use JSX unless the '--jsx' flag is provided.
src/features/settings/components/StaffManager.tsx(264,33): error TS17004: Cannot use JSX unless the '--jsx' flag is provided.
src/features/settings/components/StaffManager.tsx(267,25): error TS17004: Cannot use JSX unless the '--jsx' flag is provided.
src/features/settings/components/StaffManager.tsx(273,17): error TS17004: Cannot use JSX unless the '--jsx' flag is provided.
src/features/settings/components/StaffManager.tsx(274,21): error TS17004: Cannot use JSX unless the '--jsx' flag is provided.
src/features/settings/components/StaffManager.tsx(281,17): error TS17004: Cannot use JSX unless the '--jsx' flag is provided.
src/features/settings/components/StaffManager.tsx(282,21): error TS17004: Cannot use JSX unless the '--jsx' flag is provided.
src/features/settings/components/StaffManager.tsx(283,25): error TS17004: Cannot use JSX unless the '--jsx' flag is provided.
src/features/settings/components/StaffManager.tsx(286,21): error TS17004: Cannot use JSX unless the '--jsx' flag is provided.
src/features/settings/components/StaffManager.tsx(288,29): error TS17004: Cannot use JSX unless the '--jsx' flag is provided.
src/features/settings/components/StaffManager.tsx(289,33): error TS17004: Cannot use JSX unless the '--jsx' flag is provided.
src/features/settings/components/StaffManager.tsx(290,37): error TS17004: Cannot use JSX unless the '--jsx' flag is provided.
src/features/settings/components/StaffManager.tsx(291,41): error TS17004: Cannot use JSX unless the '--jsx' flag is provided.
src/features/settings/components/StaffManager.tsx(293,37): error TS17004: Cannot use JSX unless the '--jsx' flag is provided.
src/features/settings/components/StaffManager.tsx(294,41): error TS17004: Cannot use JSX unless the '--jsx' flag is provided.
src/features/settings/components/StaffManager.tsx(295,41): error TS17004: Cannot use JSX unless the '--jsx' flag is provided.
src/features/settings/components/StaffManager.tsx(300,33): error TS17004: Cannot use JSX unless the '--jsx' flag is provided.
src/features/settings/components/StaffManager.tsx(301,37): error TS17004: Cannot use JSX unless the '--jsx' flag is provided.
src/features/settings/components/StaffManager.tsx(306,41): error TS17004: Cannot use JSX unless the '--jsx' flag is provided.
src/features/settings/components/StaffManager.tsx(308,37): error TS17004: Cannot use JSX unless the '--jsx' flag is provided.
src/features/settings/components/StaffManager.tsx(313,41): error TS17004: Cannot use JSX unless the '--jsx' flag is provided.
src/features/settings/components/StaffManager.tsx(322,13): error TS17004: Cannot use JSX unless the '--jsx' flag is provided.
src/features/settings/components/StaffManager.tsx(323,17): error TS17004: Cannot use JSX unless the '--jsx' flag is provided.
src/features/settings/components/StaffManager.tsx(324,21): error TS17004: Cannot use JSX unless the '--jsx' flag is provided.
src/features/settings/components/StaffManager.tsx(327,17): error TS17004: Cannot use JSX unless the '--jsx' flag is provided.
src/features/settings/components/StaffManager.tsx(329,25): error TS17004: Cannot use JSX unless the '--jsx' flag is provided.
src/features/settings/components/StaffManager.tsx(330,29): error TS17004: Cannot use JSX unless the '--jsx' flag is provided.
src/features/settings/components/StaffManager.tsx(331,33): error TS17004: Cannot use JSX unless the '--jsx' flag is provided.
src/features/settings/components/StaffManager.tsx(333,29): error TS17004: Cannot use JSX unless the '--jsx' flag is provided.
src/features/settings/components/StaffManager.tsx(334,33): error TS17004: Cannot use JSX unless the '--jsx' flag is provided.
src/features/settings/components/StaffManager.tsx(339,33): error TS17004: Cannot use JSX unless the '--jsx' flag is provided.
src/features/settings/components/StaffManager.tsx(340,37): error TS17004: Cannot use JSX unless the '--jsx' flag is provided.
src/features/settings/components/StaffManager.tsx(343,37): error TS17004: Cannot use JSX unless the '--jsx' flag is provided.
src/lib/supabase.ts(3,21): error TS1343: The 'import.meta' meta-property is only allowed when the '--module' option is 'es2020', 'es2022', 'esnext', 'system', 'node16', or 'nodenext'.
src/lib/supabase.ts(3,33): error TS2339: Property 'env' does not exist on type 'ImportMeta'.
src/lib/supabase.ts(4,25): error TS1343: The 'import.meta' meta-property is only allowed when the '--module' option is 'es2020', 'es2022', 'esnext', 'system', 'node16', or 'nodenext'.
src/lib/supabase.ts(4,37): error TS2339: Property 'env' does not exist on type 'ImportMeta'.
